START Mon Sep 28 11:29:43 -03 2026
=== 2-model/02_canonical_fit.py  Mon Sep 28 11:29:43 -03 2026
=== exit 0  Mon Sep 28 11:44:44 -03 2026
=== 2-model/07_state_model.py  Mon Sep 28 11:44:44 -03 2026
=== exit 0  Mon Sep 28 11:44:56 -03 2026
=== 2-model/09_aggregation_ladder.py  Mon Sep 28 11:44:56 -03 2026
=== exit 0  Mon Sep 28 12:08:12 -03 2026
=== 2-model/04_spatial_robustness.py  Mon Sep 28 12:08:12 -03 2026
=== exit 0  Mon Sep 28 12:23:42 -03 2026
=== 2-model/08_ppc_and_dispersion.py  Mon Sep 28 12:23:42 -03 2026
=== exit 0  Mon Sep 28 12:32:16 -03 2026
=== 2-model/12_seed_stability.py  Mon Sep 28 12:32:16 -03 2026
=== exit 0  Mon Sep 28 13:05:23 -03 2026
=== 2-model/13_flexible_trend.py  Mon Sep 28 13:05:23 -03 2026
=== exit 0  Mon Sep 28 13:18:29 -03 2026
=== 2-model/14_covariates.py  Mon Sep 28 13:18:29 -03 2026
=== exit 0  Mon Sep 28 13:41:26 -03 2026
=== 2-model/15_state_dispersion.py  Mon Sep 28 13:41:26 -03 2026
=== exit 0  Mon Sep 28 13:41:59 -03 2026
=== 2-model/19_health_region.py  Mon Sep 28 13:41:59 -03 2026
=== exit 0  Mon Sep 28 13:43:23 -03 2026
=== 3-results/16_design_two_arm.py  Mon Sep 28 13:43:23 -03 2026
=== exit 0  Mon Sep 28 13:54:40 -03 2026
=== 3-results/17_orphan_numbers.py  Mon Sep 28 13:54:40 -03 2026
=== exit 0  Mon Sep 28 13:54:53 -03 2026
=== 3-results/18_transferability.py  Mon Sep 28 13:54:53 -03 2026
=== exit 0  Mon Sep 28 13:54:54 -03 2026
=== 3-results/03_precision_report.py  Mon Sep 28 13:54:54 -03 2026
=== exit 0  Mon Sep 28 13:54:55 -03 2026
=== 3-results/07_vs_national.py  Mon Sep 28 13:54:55 -03 2026
=== exit 0  Mon Sep 28 13:54:57 -03 2026
=== 3-results/11_supporting_checks.py  Mon Sep 28 13:54:57 -03 2026
=== exit 0  Mon Sep 28 13:55:01 -03 2026
=== 3-results/20_state_contrast_ci.py  Mon Sep 28 13:55:01 -03 2026
=== exit 0  Mon Sep 28 13:55:02 -03 2026
=== 3-results/05_tables_figures.py  Mon Sep 28 13:55:02 -03 2026
=== exit 1  Mon Sep 28 13:55:03 -03 2026
=== 3-results/06_map.py  Mon Sep 28 13:55:03 -03 2026
=== exit 0  Mon Sep 28 13:55:05 -03 2026
END Mon Sep 28 13:55:05 -03 2026
