Paper 2 canonical fit
============================================================
panel rows            : 5,610
immediate regions     : 510
states                : 27
years                 : 2014-2024
deaths (avoidable)    : 117,578
outcome modelled     : deaths_total (all-cause neonatal deaths)
deaths (four groups)  : 245,796
births                : 30,462,542
interval convention   : 95%
seed                  : 20260803

============================================================
MODEL: rate
============================================================
[rate] divergences        : 0
[rate] worst r-hat        : 1.0053
[rate] lowest bulk ESS    : 860

                         mean       sd eti95_lb eti95_ub  ess_bulk  ess_tail r_hat mcse_mean  mcse_sd
mu_a                   -4.705    0.032     -4.8     -4.6       859      1129  1.00    0.0011  0.00078
mu_b                 -0.00833  0.00154   -0.011  -0.0052      4919      5125  1.00   2.2e-05  1.7e-05
sigma_a_state           0.154    0.025     0.11     0.21      1447      2548  1.01   0.00065   0.0006
sigma_a_region         0.1256   0.0054     0.12     0.14      2964      4340  1.00   9.9e-05  7.2e-05
sigma_b_state         0.00517  0.00167   0.0021   0.0087      2782      2968  1.00   3.1e-05  2.5e-05
sigma_b_region         0.0073   0.0024   0.0015    0.011       913       849  1.00   8.4e-05  6.5e-05
between_state_share      0.36     0.21    0.056     0.93      1051      1041  1.00    0.0071   0.0057
alpha                   104.3      6.4       92      120      7684      5490  1.00     0.074    0.056

[rate] regions                    : 510
[rate] classified at 95%          : 43 (8.4%)
[rate] prob_direction >= 0.95     : 102 (20.0%)
[rate] median minimum detectable  : 0.0154 per year
[rate] naive sign error rate      : 16.6%

============================================================
MODEL: share
============================================================
[share] divergences        : 0
[share] worst r-hat        : 1.0031
[share] lowest bulk ESS    : 806

                        mean       sd eti95_lb eti95_ub  ess_bulk  ess_tail r_hat mcse_mean  mcse_sd
mu_a                   0.018    0.068    -0.11     0.15       851      1343  1.00    0.0023   0.0018
mu_b                 -0.0282  0.00367   -0.035   -0.021      3609      3625  1.00   6.2e-05  4.9e-05
sigma_a_state          0.326    0.055     0.24     0.45      1529      2185  1.00    0.0014   0.0012
sigma_a_region        0.3213   0.0128      0.3     0.35      1790      3027  1.00    0.0003  0.00022
sigma_b_state         0.0111   0.0056   0.0011    0.023       806      1130  1.00   0.00019  0.00013
sigma_b_region        0.0361  0.00276    0.031    0.042      2683      3948  1.00   5.3e-05  3.8e-05
between_state_share    0.101    0.082  0.00083     0.31       807      1136  1.00    0.0025   0.0023
kappa                  148.7     15.4      120      180      7174      6711  1.00      0.18     0.15

[share] regions                    : 510
[share] classified at 95%          : 67 (13.1%)
[share] prob_direction >= 0.95     : 105 (20.6%)
[share] median minimum detectable  : 0.0570 per year
[share] naive sign error rate      : 18.7%
