State-level fit
==================================================
states                : 27
state-years           : 297
divergences           : 0
worst r-hat           : 1.0022
lowest bulk ESS       : 8983
national drift mu_b   : -0.0066 per year

classified at 95%     : 9/27 (33.3%)
  of which falling    : 9
  of which rising     : 0
unresolved states     : AC, AM, AP, ES, GO, MG, MS, MT, PB, PE, RJ, RN, RR, RS, SC, SE, SP, TO

UF  b_mean   b_sd  b_lo95  b_hi95  classified_95
AC -0.0059 0.0037 -0.0124  0.0025          False
AL -0.0072 0.0035 -0.0150 -0.0007           True
AM -0.0062 0.0034 -0.0126  0.0011          False
AP -0.0064 0.0036 -0.0132  0.0013          False
BA -0.0069 0.0035 -0.0142 -0.0001           True
CE -0.0070 0.0034 -0.0144 -0.0005           True
DF -0.0072 0.0036 -0.0154 -0.0005           True
ES -0.0066 0.0034 -0.0135  0.0004          False
GO -0.0068 0.0035 -0.0142  0.0001          False
MA -0.0072 0.0035 -0.0151 -0.0006           True
MG -0.0065 0.0034 -0.0132  0.0006          False
MS -0.0067 0.0034 -0.0135  0.0001          False
MT -0.0064 0.0035 -0.0130  0.0010          False
PA -0.0070 0.0035 -0.0146 -0.0003           True
PB -0.0064 0.0034 -0.0131  0.0008          False
PE -0.0067 0.0034 -0.0137  0.0001          False
PI -0.0077 0.0036 -0.0161 -0.0012           True
PR -0.0069 0.0034 -0.0143 -0.0004           True
RJ -0.0060 0.0036 -0.0125  0.0018          False
RN -0.0067 0.0035 -0.0138  0.0003          False
RO -0.0070 0.0035 -0.0144 -0.0001           True
RR -0.0061 0.0036 -0.0125  0.0018          False
RS -0.0064 0.0035 -0.0133  0.0009          False
SC -0.0065 0.0035 -0.0136  0.0010          False
SE -0.0064 0.0035 -0.0134  0.0009          False
SP -0.0063 0.0035 -0.0130  0.0008          False
TO -0.0063 0.0034 -0.0130  0.0010          False
