State model: dispersion and attribution
======================================================================

[global] classified 9/27 | depart from national 0/27 | median posterior SD 0.0035 | SD range 0.0034-0.0037 | divergences 0
[exposure] classified 11/27 | depart from national 1/27 | median posterior SD 0.0038 | SD range 0.0021-0.0048 | divergences 0
           dispersion-on-exposure coefficient 0.7381 (0.2938 to 1.1751)

unpooled: 3/27 states depart from the rest of the country at p<0.05 (t on 9 df)

UF  b_global  sd_global  departs_global  b_exposure  sd_exposure  departs_exposure  slope_own       t      p  departs_unpooled
AC   -0.0059     0.0037           False     -0.0036       0.0048             False     0.0099  1.4308 0.1863             False
AL   -0.0072     0.0035           False     -0.0109       0.0041             False    -0.0176 -1.9523 0.0827             False
AM   -0.0062     0.0034           False     -0.0037       0.0036             False    -0.0003  1.2225 0.2526             False
AP   -0.0064     0.0036           False     -0.0056       0.0045             False     0.0005  1.0583 0.3175             False
BA   -0.0069     0.0035           False     -0.0095       0.0027             False    -0.0108 -1.9286 0.0859             False
CE   -0.0070     0.0034           False     -0.0105       0.0033             False    -0.0134 -1.5057 0.1664             False
DF   -0.0072     0.0036           False     -0.0101       0.0043             False    -0.0173 -1.5687 0.1512             False
ES   -0.0066     0.0034           False     -0.0067       0.0038             False    -0.0066 -0.0542 0.9580             False
GO   -0.0068     0.0035           False     -0.0085       0.0034             False    -0.0099 -0.8856 0.3989             False
MA   -0.0072     0.0035           False     -0.0114       0.0034             False    -0.0152 -2.1662 0.0585             False
MG   -0.0065     0.0034           False     -0.0049       0.0025             False    -0.0040  1.2395 0.2465             False
MS   -0.0067     0.0034           False     -0.0070       0.0039             False    -0.0079 -0.1971 0.8481             False
MT   -0.0064     0.0035           False     -0.0049       0.0038             False    -0.0019  0.7903 0.4497             False
PA   -0.0070     0.0035           False     -0.0102       0.0030             False    -0.0123 -2.4971 0.0340              True
PB   -0.0064     0.0034           False     -0.0049       0.0038             False    -0.0019  0.6020 0.5621             False
PE   -0.0067     0.0034           False     -0.0072       0.0030             False    -0.0075 -0.2890 0.7791             False
PI   -0.0077     0.0036           False     -0.0139       0.0046             False    -0.0252 -4.0182 0.0030              True
PR   -0.0069     0.0034           False     -0.0090       0.0031             False    -0.0109 -1.0191 0.3348             False
RJ   -0.0060     0.0036           False     -0.0005       0.0031              True     0.0029  4.1322 0.0026              True
RN   -0.0067     0.0035           False     -0.0073       0.0038             False    -0.0085 -0.2924 0.7766             False
RO   -0.0070     0.0035           False     -0.0086       0.0044             False    -0.0139 -0.9017 0.3907             False
RR   -0.0061     0.0036           False     -0.0048       0.0047             False     0.0053  0.9020 0.3905             False
RS   -0.0064     0.0035           False     -0.0043       0.0032             False    -0.0022  1.1045 0.2980             False
SC   -0.0065     0.0035           False     -0.0053       0.0034             False    -0.0034  0.5267 0.6111             False
SE   -0.0064     0.0035           False     -0.0057       0.0040             False    -0.0025  0.4461 0.6660             False
SP   -0.0063     0.0035           False     -0.0031       0.0021             False    -0.0023  1.5170 0.1636             False
TO   -0.0063     0.0034           False     -0.0050       0.0044             False     0.0009  1.0023 0.3424             False
