Posterior predictive checks and exposure-dependent dispersion
======================================================================

[global] posterior predictive check
  overall Pearson chi2/df : 0.945
  overall 95% coverage    : 0.983

 q  mean_fitted  chi2_over_df  coverage
 1        3.462         1.039     0.988
 2        7.083         1.056     0.975
 3       10.900         0.945     0.979
 4       17.888         0.906     0.984
 5       66.210         0.778     0.988

  classified at 95%       : 89/510
  median posterior SD     : 0.0175
  SD dynamic range        : 1.86x

[exposure] posterior predictive check
  overall Pearson chi2/df : 0.992
  overall 95% coverage    : 0.980

 q  mean_fitted  chi2_over_df  coverage
 1        3.462         1.026     0.990
 2        7.078         1.062     0.973
 3       10.892         0.963     0.979
 4       17.878         0.959     0.981
 5       66.009         0.948     0.977

  classified at 95%       : 90/510
  median posterior SD     : 0.0183
  SD dynamic range        : 3.4x

  dispersion as a function of exposure:
                  mean     sd eti95_lb eti95_ub  ess_bulk  ess_tail r_hat mcse_mean  mcse_sd
log_alpha0       4.265  0.145        4      4.6      4915      5278  1.00    0.0021   0.0016
log_alpha_slope  0.291  0.086     0.12     0.46      5298      5474  1.00    0.0012  0.00085

          classified   pct  median_sd  sd_ratio_max_min  divergences
global          89.0  17.5     0.0175              1.86          0.0
exposure        90.0  17.6     0.0183              3.40          0.0
