Paper 2 precision report
============================================================

============================================================
RATE
============================================================
[rate] national drift mu_b            : -0.0223 per year  (25.0 % change in avoidable deaths per birth per decade)
[rate] median minimum detectable      : 0.0343 per year  (40.9 % change in avoidable deaths per birth per decade)
[rate] detection floor / national     : 1.54x
[rate] naive sign error rate          : 13.1%  (67 of 510 regions)

 threshold  regions    share  expected_sign_errors
     0.900      261 0.511765             11.209125
     0.950      154 0.301961              3.292125
     0.975       86 0.168627              0.848500

ROPE SENSITIVITY (tolerance as a multiple of the national drift)
 tolerance_x_national  rope_halfwidth  drifting  credibly_flat  conclusive  indeterminate_share
                 0.25        0.005569        49              0          49             0.903922
                 0.50        0.011137        28              0          28             0.945098
                 1.00        0.022275         9              0           9             0.982353
                 2.00        0.044549         2             76          78             0.847059
                 3.00        0.066824         0            404         404             0.207843
                 4.00        0.089099         0            505         505             0.009804

MULTIPLICITY
[rate] classified at 95%   : 86
[rate] surviving BH-FDR 5% : 10
[rate] Bonferroni 5%       : 5

============================================================
SHARE
============================================================
[share] national drift mu_b            : -0.0282 per year  (7.0 pp of avoidable share per decade)
[share] median minimum detectable      : 0.0570 per year  (13.8 pp of avoidable share per decade)
[share] detection floor / national     : 2.02x
[share] naive sign error rate          : 18.7%  (95 of 510 regions)

 threshold  regions    share  expected_sign_errors
     0.900      178 0.349020              7.484375
     0.950      105 0.205882              2.029625
     0.975       67 0.131373              0.637875

ROPE SENSITIVITY (tolerance as a multiple of the national drift)
 tolerance_x_national  rope_halfwidth  drifting  credibly_flat  conclusive  indeterminate_share
                 0.25        0.007061        44              0          44             0.913725
                 0.50        0.014122        26              0          26             0.949020
                 1.00        0.028245        17              0          17             0.966667
                 2.00        0.056490         7             24          31             0.939216
                 3.00        0.084735         3            254         257             0.496078
                 4.00        0.112980         1            457         458             0.101961

MULTIPLICITY
[share] classified at 95%   : 67
[share] surviving BH-FDR 5% : 16
[share] Bonferroni 5%       : 10

============================================================
JOINT CLASSIFICATION (rate vs share)
  resolved by both        : 43
  resolved by rate only   : 43
  resolved by share only  : 24
  agreement among resolved: 39.1%

classified_95_share  False  True 
classified_95_rate               
False                  400     24
True                    43     43
