Design analysis by simulation
======================================================================

 true_slope_x_national  exposure_quintile  median_deaths  power  type_S  type_M
                   0.0                  1             39  0.052  0.0000     NaN
                   0.0                  2             78  0.049  0.0000     NaN
                   0.0                  3            117  0.052  0.0000     NaN
                   0.0                  4            194  0.054  0.0000     NaN
                   0.0                  5            408  0.050  0.0000     NaN
                   0.5                  1             39  0.046  0.2421   10.97
                   0.5                  2             78  0.057  0.2414    7.78
                   0.5                  3            117  0.061  0.2126    6.00
                   0.5                  4            194  0.068  0.1940    4.99
                   0.5                  5            408  0.079  0.0679    3.77
                   1.0                  1             39  0.064  0.1429    5.29
                   1.0                  2             78  0.078  0.0692    3.68
                   1.0                  3            117  0.097  0.0498    3.15
                   1.0                  4            194  0.118  0.0087    2.71
                   1.0                  5            408  0.165  0.0030    2.06
                   2.0                  1             39  0.105  0.0365    2.72
                   2.0                  2             78  0.178  0.0055    2.15
                   2.0                  3            117  0.229  0.0021    1.77
                   2.0                  4            194  0.339  0.0000    1.54
                   2.0                  5            408  0.512  0.0000    1.25

{
  "n_simulations_per_unit_per_scenario": 20,
  "national_drift": -0.02227,
  "dispersion_alpha": 56.4,
  "power_at_national_size_change_by_quintile": [
    {
      "exposure_quintile": 1,
      "median_deaths": 39,
      "power": 0.064,
      "type_S": 0.1429,
      "type_M": 5.29
    },
    {
      "exposure_quintile": 2,
      "median_deaths": 78,
      "power": 0.078,
      "type_S": 0.0692,
      "type_M": 3.68
    },
    {
      "exposure_quintile": 3,
      "median_deaths": 117,
      "power": 0.097,
      "type_S": 0.0498,
      "type_M": 3.15
    },
    {
      "exposure_quintile": 4,
      "median_deaths": 194,
      "power": 0.118,
      "type_S": 0.0087,
      "type_M": 2.71
    },
    {
      "exposure_quintile": 5,
      "median_deaths": 408,
      "power": 0.165,
      "type_S": 0.003,
      "type_M": 2.06
    }
  ],
  "overall_power_at_national_size_change": 0.104,
  "false_positive_rate_when_truth_is_zero": 0.0514
}
